// Jest Snapshot v1, https://goo.gl/fbAQLP

exports[`renders correctly 1`] = `
<View
  style={
    Object {
      "alignContent": "center",
      "alignItems": "center",
      "flex": 1,
      "justifyContent": "center",
    }
  }
>
  <View
    accessibilityIgnoresInvertColors={true}
    style={
      Array [
        Object {
          "bottom": 0,
          "flex": 1,
          "height": 1334,
          "left": 0,
          "position": "absolute",
          "right": 0,
          "top": 0,
          "width": 750,
        },
        Object {
          "zIndex": -1,
        },
      ]
    }
  >
    <Image
      source={
        Object {
          "uri": "https://cdn.wallpapersafari.com/99/25/rQeFHW.jpg",
        }
      }
      style={
        Array [
          Object {
            "bottom": 0,
            "left": 0,
            "position": "absolute",
            "right": 0,
            "top": 0,
          },
          Object {
            "height": undefined,
            "width": undefined,
          },
          undefined,
        ]
      }
    />
    <View
      style={
        Object {
          "alignSelf": "center",
          "flex": 1,
          "justifyContent": "center",
          "marginBottom": 170,
          "width": 200,
        }
      }
    >
      <Image
        source={
          Object {
            "uri": "https://raw.githubusercontent.com/PokeAPI/media/master/logo/pokeapi_256.png",
          }
        }
        style={
          Array [
            Object {
              "alignSelf": "center",
              "height": 103,
              "justifyContent": "center",
              "width": 257,
            },
            Object {
              "zIndex": 0,
            },
          ]
        }
      />
      <View
        style={
          Object {
            "marginBottom": 20,
          }
        }
      />
      <View
        accessibilityRole="button"
        accessibilityState={Object {}}
        accessible={true}
        focusable={true}
        onClick={[Function]}
        onResponderGrant={[Function]}
        onResponderMove={[Function]}
        onResponderRelease={[Function]}
        onResponderTerminate={[Function]}
        onResponderTerminationRequest={[Function]}
        onStartShouldSetResponder={[Function]}
        style={
          Object {
            "opacity": 1,
          }
        }
      >
        <View
          style={
            Array [
              Object {},
            ]
          }
        >
          <Text
            style={
              Array [
                Object {
                  "color": "#007AFF",
                  "fontSize": 18,
                  "margin": 8,
                  "textAlign": "center",
                },
                Object {
                  "color": "black",
                },
              ]
            }
          >
            All pokemon
          </Text>
        </View>
      </View>
      <View
        style={
          Object {
            "marginBottom": 20,
          }
        }
      />
      <View
        accessibilityRole="button"
        accessibilityState={Object {}}
        accessible={true}
        focusable={true}
        onClick={[Function]}
        onResponderGrant={[Function]}
        onResponderMove={[Function]}
        onResponderRelease={[Function]}
        onResponderTerminate={[Function]}
        onResponderTerminationRequest={[Function]}
        onStartShouldSetResponder={[Function]}
        style={
          Object {
            "opacity": 1,
          }
        }
      >
        <View
          style={
            Array [
              Object {},
            ]
          }
        >
          <Text
            style={
              Array [
                Object {
                  "color": "#007AFF",
                  "fontSize": 18,
                  "margin": 8,
                  "textAlign": "center",
                },
                Object {
                  "color": "black",
                },
              ]
            }
          >
            Search Pokemon
          </Text>
        </View>
      </View>
    </View>
  </View>
</View>
`;
